\BOOKMARK [1][-]{section.1}{\376\377\000S\000p\000e\000s\000i\000f\000i\000k\000a\000s\000i\000\040\000S\000i\000s\000t\000e\000m}{}% 1
\BOOKMARK [2][-]{subsection.1.1}{\376\377\000S\000p\000e\000s\000i\000f\000i\000k\000a\000s\000i\000\040\000F\000u\000n\000g\000s\000i\000o\000n\000a\000l}{section.1}% 2
\BOOKMARK [3][-]{subsubsection.1.1.1}{\376\377\000U\000s\000e\000\040\000C\000a\000s\000e\000\040\000D\000i\000a\000g\000r\000a\000m}{subsection.1.1}% 3
\BOOKMARK [2][-]{subsection.1.2}{\376\377\000S\000p\000e\000s\000i\000f\000i\000k\000a\000s\000i\000\040\000N\000o\000n\000-\000F\000u\000n\000g\000s\000i\000o\000n\000a\000l}{section.1}% 4
\BOOKMARK [3][-]{subsubsection.1.2.1}{\376\377\000P\000e\000r\000h\000i\000t\000u\000n\000g\000a\000n\000\040\000F\000r\000e\000k\000u\000e\000n\000s\000i\000\040\000M\000i\000n\000i\000m\000u\000m\000\040\000P\000e\000n\000g\000u\000k\000u\000r\000a\000n\000\040\000A\000k\000s\000e\000l\000e\000r\000a\000s\000i\000\040\000G\000e\000t\000a\000r\000a\000n}{subsection.1.2}% 5
\BOOKMARK [3][-]{subsubsection.1.2.2}{\376\377\000P\000e\000r\000h\000i\000t\000u\000n\000g\000a\000n\000\040\000B\000a\000t\000a\000s\000\040\000S\000u\000h\000u\000\040\000H\000o\000u\000s\000i\000n\000g\000\040\000M\000a\000k\000s\000i\000m\000u\000m}{subsection.1.2}% 6
\BOOKMARK [3][-]{subsubsection.1.2.3}{\376\377\000P\000e\000r\000h\000i\000t\000u\000n\000g\000a\000n\000\040\000B\000a\000t\000a\000s\000\040\000A\000r\000u\000s\000\040\000M\000o\000t\000o\000r\000\040\000M\000a\000k\000s\000i\000m\000u\000m}{subsection.1.2}% 7
\BOOKMARK [2][-]{subsection.1.3}{\376\377\000S\000p\000e\000s\000i\000f\000i\000k\000a\000s\000i\000\040\000P\000e\000r\000a\000n\000g\000k\000a\000t\000\040\000K\000e\000r\000a\000s}{section.1}% 8
\BOOKMARK [2][-]{subsection.1.4}{\376\377\000S\000p\000e\000s\000i\000f\000i\000k\000a\000s\000i\000\040\000P\000e\000r\000a\000n\000g\000k\000a\000t\000\040\000L\000u\000n\000a\000k}{section.1}% 9
\BOOKMARK [2][-]{subsection.1.5}{\376\377\000K\000r\000i\000t\000e\000r\000i\000a\000\040\000K\000i\000n\000e\000r\000j\000a\000\040\000d\000a\000n\000\040\000E\000v\000a\000l\000u\000a\000s\000i}{section.1}% 10
\BOOKMARK [1][-]{section.2}{\376\377\000S\000o\000l\000u\000s\000i\000\040\000/\000\040\000P\000r\000o\000d\000u\000k\000\040\000y\000a\000n\000g\000\040\000D\000i\000u\000s\000u\000l\000k\000a\000n}{}% 11
\BOOKMARK [2][-]{subsection.2.1}{\376\377\000A\000r\000s\000i\000t\000e\000k\000t\000u\000r}{section.2}% 12
\BOOKMARK [3][-]{subsubsection.2.1.1}{\376\377\000S\000u\000b\000s\000i\000s\000t\000e\000m\000\040\000I\000n\000s\000t\000a\000l\000a\000s\000i\000\040\000S\000e\000n\000s\000o\000r\000\040\000d\000a\000n\000\040\000P\000e\000m\000r\000o\000s\000e\000s\000a\000n\000\040\000S\000i\000n\000y\000a\000l\000\040\000\050\000I\000S\000P\000S\000\051}{subsection.2.1}% 13
\BOOKMARK [3][-]{subsubsection.2.1.2}{\376\377\000S\000u\000b\000s\000i\000s\000t\000e\000m\000\040\000K\000o\000m\000u\000n\000i\000k\000a\000s\000i\000,\000\040\000C\000l\000o\000u\000d\000,\000\040\000d\000a\000n\000\040\000A\000l\000g\000o\000r\000i\000t\000m\000a\000\040\000\050\000K\000C\000A\000\051}{subsection.2.1}% 14
\BOOKMARK [3][-]{subsubsection.2.1.3}{\376\377\000S\000u\000b\000s\000i\000s\000t\000e\000m\000\040\000D\000e\000s\000a\000i\000n\000\040\000A\000l\000a\000r\000m\000\040\000d\000a\000n\000\040\000S\000i\000s\000t\000e\000m\000\040\000P\000r\000o\000t\000e\000k\000s\000i\000\040\000\050\000D\000A\000S\000P\000\051}{subsection.2.1}% 15
\BOOKMARK [2][-]{subsection.2.2}{\376\377\000F\000i\000t\000u\000r\000\040\000U\000t\000a\000m\000a}{section.2}% 16
\BOOKMARK [2][-]{subsection.2.3}{\376\377\000K\000e\000u\000n\000g\000g\000u\000l\000a\000n\000\040\000D\000i\000b\000a\000n\000d\000i\000n\000g\000k\000a\000n\000\040\000S\000o\000l\000u\000s\000i\000\040\000L\000a\000i\000n}{section.2}% 17
\BOOKMARK [2][-]{subsection.2.4}{\376\377\000D\000e\000s\000a\000i\000n\000\040\000A\000l\000t\000e\000r\000n\000a\000t\000i\000f\000\040\000\050\000O\000p\000s\000i\000o\000n\000a\000l\000\051}{section.2}% 18
\BOOKMARK [2][-]{subsection.2.5}{\376\377\000J\000u\000s\000t\000i\000f\000i\000k\000a\000s\000i\000\040\000P\000e\000m\000i\000l\000i\000h\000a\000n}{section.2}% 19
\BOOKMARK [1][-]{section.3}{\376\377\000R\000e\000n\000c\000a\000n\000a\000\040\000I\000m\000p\000l\000e\000m\000e\000n\000t\000a\000s\000i}{}% 20
\BOOKMARK [2][-]{subsection.3.1}{\376\377\000S\000t\000r\000u\000k\000t\000u\000r\000\040\000P\000e\000m\000e\000c\000a\000h\000a\000n\000\040\000K\000e\000r\000j\000a\000\040\000\050\000W\000B\000S\000\051}{section.3}% 21
\BOOKMARK [2][-]{subsection.3.2}{\376\377\000J\000a\000d\000w\000a\000l\000\040\000\050\000D\000i\000a\000g\000r\000a\000m\000\040\000G\000a\000n\000t\000t\000\051}{section.3}% 22
\BOOKMARK [2][-]{subsection.3.3}{\376\377\000P\000e\000m\000b\000a\000g\000i\000a\000n\000\040\000T\000u\000g\000a\000s\000\040\000T\000i\000m}{section.3}% 23
\BOOKMARK [2][-]{subsection.3.4}{\376\377\000P\000e\000n\000g\000u\000j\000i\000a\000n\000\040\000S\000i\000s\000t\000e\000m}{section.3}% 24
\BOOKMARK [1][-]{section.4}{\376\377\000A\000n\000a\000l\000i\000s\000i\000s\000\040\000R\000i\000s\000i\000k\000o}{}% 25
\BOOKMARK [2][-]{subsection.4.1}{\376\377\000R\000i\000s\000i\000k\000o\000\040\000T\000e\000k\000n\000i\000s\000,\000\040\000F\000i\000n\000a\000n\000s\000i\000a\000l\000,\000\040\000d\000a\000n\000\040\000P\000e\000n\000e\000r\000i\000m\000a\000a\000n\000\040\000P\000e\000n\000g\000g\000u\000n\000a}{section.4}% 26
\BOOKMARK [2][-]{subsection.4.2}{\376\377\000M\000i\000t\000i\000g\000a\000s\000i\000\040\000R\000i\000s\000i\000k\000o}{section.4}% 27
\BOOKMARK [1][-]{section.5}{\376\377\000A\000n\000a\000l\000i\000s\000i\000s\000\040\000F\000i\000n\000a\000n\000s\000i\000a\000l}{}% 28
\BOOKMARK [2][-]{subsection.5.1}{\376\377\000E\000s\000t\000i\000m\000a\000s\000i\000\040\000B\000i\000a\000y\000a\000\040\000U\000t\000a\000m\000a}{section.5}% 29
\BOOKMARK [3][-]{subsubsection.5.1.1}{\376\377\000B\000i\000a\000y\000a\000\040\000P\000e\000r\000a\000n\000g\000k\000a\000t\000\040\000K\000e\000r\000a\000s\000\040\000\050\000H\000a\000r\000d\000w\000a\000r\000e\000\051}{subsection.5.1}% 30
\BOOKMARK [3][-]{subsubsection.5.1.2}{\376\377\000B\000i\000a\000y\000a\000\040\000P\000e\000r\000a\000n\000g\000k\000a\000t\000\040\000L\000u\000n\000a\000k\000\040\000\050\000S\000o\000f\000t\000w\000a\000r\000e\000\051}{subsection.5.1}% 31
\BOOKMARK [3][-]{subsubsection.5.1.3}{\376\377\000B\000i\000a\000y\000a\000\040\000P\000e\000n\000g\000u\000j\000i\000a\000n\000\040\000d\000a\000n\000\040\000K\000a\000l\000i\000b\000r\000a\000s\000i}{subsection.5.1}% 32
\BOOKMARK [3][-]{subsubsection.5.1.4}{\376\377\000B\000i\000a\000y\000a\000\040\000O\000p\000e\000r\000a\000s\000i\000o\000n\000a\000l}{subsection.5.1}% 33
\BOOKMARK [3][-]{subsubsection.5.1.5}{\376\377\000R\000e\000k\000a\000p\000i\000t\000u\000l\000a\000s\000i\000\040\000E\000s\000t\000i\000m\000a\000s\000i\000\040\000B\000i\000a\000y\000a}{subsection.5.1}% 34
\BOOKMARK [2][-]{subsection.5.2}{\376\377\000A\000n\000a\000l\000i\000s\000i\000s\000\040\000B\000i\000a\000y\000a\040\023\000M\000a\000n\000f\000a\000a\000t}{section.5}% 35
\BOOKMARK [3][-]{subsubsection.5.2.1}{\376\377\000M\000a\000n\000f\000a\000a\000t\000\040\000T\000e\000k\000n\000i\000s}{subsection.5.2}% 36
\BOOKMARK [3][-]{subsubsection.5.2.2}{\376\377\000M\000a\000n\000f\000a\000a\000t\000\040\000E\000k\000o\000n\000o\000m\000i}{subsection.5.2}% 37
\BOOKMARK [3][-]{subsubsection.5.2.3}{\376\377\000M\000a\000n\000f\000a\000a\000t\000\040\000O\000p\000e\000r\000a\000s\000i\000o\000n\000a\000l}{subsection.5.2}% 38
\BOOKMARK [3][-]{subsubsection.5.2.4}{\376\377\000M\000a\000n\000f\000a\000a\000t\000\040\000A\000k\000a\000d\000e\000m\000i\000k}{subsection.5.2}% 39
\BOOKMARK [3][-]{subsubsection.5.2.5}{\376\377\000K\000e\000s\000i\000m\000p\000u\000l\000a\000n\000\040\000A\000n\000a\000l\000i\000s\000i\000s\000\040\000B\000i\000a\000y\000a\040\023\000M\000a\000n\000f\000a\000a\000t}{subsection.5.2}% 40
\BOOKMARK [1][-]{section.6}{\376\377\000R\000e\000f\000e\000r\000e\000n\000s\000i}{}% 41
\BOOKMARK [1][-]{section.7}{\376\377\000S\000i\000n\000g\000k\000a\000t\000a\000n}{}% 42
